// Jest Snapshot v1, https://goo.gl/fbAQLP

exports[`should checks for html changes 1`] = `
<div
  className="main-footer clearfix"
>
  <p
    className="copy-write"
  >
    Â© SoftUni Lyubosumaz Final Project
  </p>
  <ul
    className="footer-nav clearfix"
  >
    <li>
      <button
        className="footer-nav-button"
        onClick={[Function]}
      >
        Home
      </button>
    </li>
    <li>
      <button
        className="footer-nav-button"
        onClick={[Function]}
      >
        About
      </button>
    </li>
  </ul>
</div>
`;
