// Jest Snapshot v1, https://goo.gl/fbAQLP

exports[`should checks for html changes 1`] = `
<div>
  <h1>
    Progress
  </h1>
  <p>
    In progress... :(
  </p>
</div>
`;
