// Jest Snapshot v1, https://goo.gl/fbAQLP

exports[`should checks for html changes 1`] = `
<div
  className="main-container background-image"
  name="home"
>
  <h1>
    Home
  </h1>
</div>
`;
