// Jest Snapshot v1, https://goo.gl/fbAQLP

exports[`Checks for html changes 1`] = `
<div>
  <h1>
    Shop
  </h1>
  <div
    className="item-card-container"
  />
</div>
`;
