// Jest Snapshot v1, https://goo.gl/fbAQLP

exports[`Checks for html changes 1`] = `
<div
  className="main-container"
>
  <form>
    <h1>
      Register
    </h1>
    <p>
      Please fill this form to create your Account.
    </p>
    <div
      className="form-div-container"
    >
      <label
        htmlFor="username"
      >
        <b>
          Username:
        </b>
      </label>
      <input
        className="form-input"
        id="username"
        onChange={[Function]}
        placeholder="Enter your Username"
        type="text"
        value=""
      />
    </div>
    <div
      className="form-div-container"
    >
      <label
        htmlFor="email"
      >
        <b>
          Email:
        </b>
      </label>
      <input
        className="form-input"
        id="email"
        onChange={[Function]}
        placeholder="Enter your Email"
        type="text"
        value=""
      />
    </div>
    <div
      className="form-div-container"
    >
      <label
        htmlFor="password"
      >
        <b>
          Password:
        </b>
      </label>
      <input
        className="form-input"
        id="password"
        onChange={[Function]}
        placeholder="Enter your Password"
        type="password"
        value=""
      />
    </div>
    <div
      className="form-div-container"
    >
      <label
        htmlFor="repeat-password"
      >
        <b>
          Repeat-Password:
        </b>
      </label>
      <input
        className="form-input"
        id="repeatPassword"
        onChange={[Function]}
        placeholder="Confirm your Password"
        type="password"
        value=""
      />
    </div>
    <div>
      <p>
        By creating an account, you agree to our 
        <button
          className="info-button"
          onClick={[Function]}
        >
          Terms & Conditions
        </button>
        .
      </p>
      <p
        className="register-checkbox"
      >
        I do accept to receive feedback on my email:
        <input
          onClick={[Function]}
          type="checkbox"
        />
        <b>
          Subscribe
        </b>
        .
      </p>
    </div>
    <div>
      <button
        className="form-action-btn"
        onClick={[Function]}
        type="button"
      >
        Register
      </button>
    </div>
    <div
      className="info-container"
    >
      <p>
        Already have account? 
        <button
          className="info-button"
          onClick={[Function]}
        >
          Sign in
        </button>
        .
      </p>
    </div>
  </form>
</div>
`;
