// Jest Snapshot v1, https://goo.gl/fbAQLP

exports[`OptionsBar Component Checks for html changes 1`] = `
<Provider
  store={
    Object {
      "dispatch": [Function],
      "getState": [Function],
      "replaceReducer": [Function],
      "subscribe": [Function],
      Symbol(observable): [Function],
    }
  }
>
  <Connect(Options)>
    <Options
      dispatch={[Function]}
      isLogin={true}
    >
      <div
        className="options-bar"
      >
        <button
          className="options-bar-button"
          onClick={[Function]}
        >
          Progress
        </button>
        <button
          className="options-bar-button"
          onClick={[Function]}
        >
          Shop
        </button>
        <button
          className="options-bar-button"
          onClick={[Function]}
        >
          Inventory
        </button>
        <button
          className="options-bar-button"
          onClick={[Function]}
        >
          Character
        </button>
      </div>
    </Options>
  </Connect(Options)>
</Provider>
`;
